kotlin version: 2.2.10
error message: Incremental compilation failed: null
java.io.EOFException
	at java.base/java.io.DataInputStream.readFully(DataInputStream.java:210)
	at java.base/java.io.DataInputStream.readFully(DataInputStream.java:179)
	at org.jetbrains.kotlin.com.intellij.util.io.IOUtil.readString(IOUtil.java:79)
	at org.jetbrains.kotlin.incremental.storage.StringExternalizer.read(externalizers.kt:225)
	at org.jetbrains.kotlin.incremental.storage.ExternalizersKt.readString(externalizers.kt:256)
	at org.jetbrains.kotlin.incremental.storage.JvmClassNameExternalizer.read(externalizers.kt:116)
	at org.jetbrains.kotlin.incremental.classpathDiff.JvmClassNameExternalizerWithInterning.read(ClasspathSnapshotSerializer.kt:287)
	at org.jetbrains.kotlin.incremental.classpathDiff.JvmClassNameExternalizerWithInterning.read(ClasspathSnapshotSerializer.kt:282)
	at org.jetbrains.kotlin.incremental.storage.CollectionExternalizerV2.read(externalizers.kt:352)
	at org.jetbrains.kotlin.incremental.classpathDiff.JavaClassSnapshotExternalizer.read(ClasspathSnapshotSerializer.kt:212)
	at org.jetbrains.kotlin.incremental.classpathDiff.JavaClassSnapshotExternalizer.read(ClasspathSnapshotSerializer.kt:197)
	at org.jetbrains.kotlin.incremental.storage.DelegateDataExternalizer.read(externalizers.kt:250)
	at org.jetbrains.kotlin.incremental.classpathDiff.AccessibleClassSnapshotExternalizer.read(ClasspathSnapshotSerializer.kt)
	at org.jetbrains.kotlin.incremental.classpathDiff.AccessibleClassSnapshotExternalizer.read(ClasspathSnapshotSerializer.kt:74)
	at org.jetbrains.kotlin.incremental.storage.CollectionExternalizerV2.read(externalizers.kt:352)
	at org.jetbrains.kotlin.incremental.storage.CollectionExternalizerV2.read(externalizers.kt:336)
	at org.jetbrains.kotlin.incremental.storage.ExternalizersKt.loadFromFile(externalizers.kt:185)
	at org.jetbrains.kotlin.incremental.snapshots.LazyClasspathSnapshot.getSavedShrunkClasspathAgainstPreviousLookups(LazyClasspathSnapshot.kt:86)
	at org.jetbrains.kotlin.incremental.classpathDiff.ClasspathSnapshotShrinkerKt.shrinkAndSaveClasspathSnapshot(ClasspathSnapshotShrinker.kt:267)
	at org.jetbrains.kotlin.incremental.IncrementalJvmCompilerRunner.performWorkAfterCompilation(IncrementalJvmCompilerRunner.kt:76)
	at org.jetbrains.kotlin.incremental.IncrementalJvmCompilerRunner.performWorkAfterCompilation(IncrementalJvmCompilerRunner.kt:23)
	at org.jetbrains.kotlin.incremental.IncrementalCompilerRunner.compileImpl(IncrementalCompilerRunner.kt:423)
	at org.jetbrains.kotlin.incremental.IncrementalCompilerRunner.tryCompileIncrementally$lambda$10$compile(IncrementalCompilerRunner.kt:254)
	at org.jetbrains.kotlin.incremental.IncrementalCompilerRunner.tryCompileIncrementally(IncrementalCompilerRunner.kt:272)
	at org.jetbrains.kotlin.incremental.IncrementalCompilerRunner.compile(IncrementalCompilerRunner.kt:124)
	at org.jetbrains.kotlin.daemon.CompileServiceImplBase.execIncrementalCompiler(CompileServiceImpl.kt:679)
	at org.jetbrains.kotlin.daemon.CompileServiceImplBase.access$execIncrementalCompiler(CompileServiceImpl.kt:93)
	at org.jetbrains.kotlin.daemon.CompileServiceImpl.compile(CompileServiceImpl.kt:1806)
	at java.base/jdk.internal.reflect.DirectMethodHandleAccessor.invoke(DirectMethodHandleAccessor.java:103)
	at java.base/java.lang.reflect.Method.invoke(Method.java:580)
	at java.rmi/sun.rmi.server.UnicastServerRef.dispatch(UnicastServerRef.java:360)
	at java.rmi/sun.rmi.transport.Transport$1.run(Transport.java:200)
	at java.rmi/sun.rmi.transport.Transport$1.run(Transport.java:197)
	at java.base/java.security.AccessController.doPrivileged(AccessController.java:714)
	at java.rmi/sun.rmi.transport.Transport.serviceCall(Transport.java:196)
	at java.rmi/sun.rmi.transport.tcp.TCPTransport.handleMessages(TCPTransport.java:598)
	at java.rmi/sun.rmi.transport.tcp.TCPTransport$ConnectionHandler.run0(TCPTransport.java:844)
	at java.rmi/sun.rmi.transport.tcp.TCPTransport$ConnectionHandler.lambda$run$0(TCPTransport.java:721)
	at java.base/java.security.AccessController.doPrivileged(AccessController.java:400)
	at java.rmi/sun.rmi.transport.tcp.TCPTransport$ConnectionHandler.run(TCPTransport.java:720)
	at java.base/java.util.concurrent.ThreadPoolExecutor.runWorker(ThreadPoolExecutor.java:1144)
	at java.base/java.util.concurrent.ThreadPoolExecutor$Worker.run(ThreadPoolExecutor.java:642)
	at java.base/java.lang.Thread.run(Thread.java:1583)


